
> fyp-asset-viewer@1.0.0 dev
> concurrently -n api,web -c green,cyan "npm:dev:api" "npm:dev:web"

[api] 
[api] > fyp-asset-viewer@1.0.0 dev:api
[api] > tsx watch server/index.ts
[api] 
[web] 
[web] > fyp-asset-viewer@1.0.0 dev:web
[web] > vite
[web] 
[web] Port 5179 is in use, trying another one...
[web] 
[web]   VITE v6.4.1  ready in 480 ms
[web] 
[web]   ➜  Local:   http://localhost:5180/
[web]   ➜  Network: http://192.168.1.101:5180/
[web]   ➜  Network: http://10.14.0.2:5180/
[api] Asset API listening on http://0.0.0.0:3457
[web] npm run dev:web exited with code 143
[api] npm run dev:api exited with code 143
